                  0 DDDDDDDDDDDDDDDDDDDDDDDDDDDDDDDDDDDDDDDDDDDDDDDDDDDDDDDDDDDDDDDDDDDDDD
             100000 UDDDDDDDDDDDDDDDDDDDDDDDDDDDDDDDDDDDDDDDDDDDDDDDDDDDDDDDDDDDDDDDDDDDDD
             110000 DDUDUDUDDDUUDUDDDDUUDDUDUDDUDDDDDDUUUDDDUDUUUDUDUDUUDUDDUDUUDDDUUUDDDD
             120000 DDUUDUDUUDDUDDDDDDUUDDDUDDUUUDDUDDUUDUUUUDUUUDUUUDUUDUUUDDDUDDDDDUDDDD
             130000 DDUUDDUUDDUUDUUUUDUUUUDDDDDUDDDDDDUUDUDUDDUUUDUDUDUUDUUDUDUUUDDDDUDDDD
             140000 DDUUUDDUUDDUDDDDDDUUDUUUUDUUUDUUDDUUDDUDUDUUUDDUDDDUDDDDDDUUUDUDDUDDDD
             150000 DDUUDUDDDDUUDDUDUDDUDDDDDDUUDUUDDDUUDDDDUDUUUUDUDDUUUUDDUDDUDDDDDUDDDD
             160000 DDUUDDUDDDUUDUUUUDUUDDUUUDDUDDDDDDDUDDDDDDDUDDDDDDDUDDDDDDDUDDDDDUUDUU
             170000 DDUUDDUDDDUUDUUUUDUUDDUUUDDUDDDDDDDUDDDDDDDUDDDDDDDUDDDDDDDUDDDDDDDDUU
            1320000 UDUUDDUDDDUUDUUUUDUUDDUUUDDUDDDDDDDUDDDDDDDUDDDDDDDUDDDDDDDUDDDDDDDDUU
            1330000 DDUDUDUDDDUUDUDDDDUUDDUDUDDUDDDDDDUUUDDDUDUUUDUDUDUUDUDDUDUUDDDUUUDDUU
            1340000 DDUUDUDUUDDUDDDDDDUUDDDUDDUUUDDUDDUUDUUUUDUUUDUUUDUUDUUUDDDUDDDDDUDDUU
            1350000 DDUUDDUUDDUUDUUUUDUUUUDDDDDUDDDDDDUUDUDUDDUUUDUDUDUUDUUDUDUUUDDDDUDDUU
            1360000 DDUUUDDUUDDUDDDDDDUUDUUUUDUUUDUUDDUUDDUDUDUUUDDUDDDUDDDDDDUUUDUDDUDDUU
            1370000 DDUUDUDDDDUUDDUDUDDUDDDDDDUUDUUDDDUUDDDDUDUUUUDUDDUUUUDDUDDUDDDDDUDDUU
            1380000 DDUUDDUDDDUUDUUUUDUUDDUUUDDUDUUUDDDUDDDDDDDUDDDDDDDUDDDDDDDUDDDDDUUUDD
            1390000 DDUUDDUDDDUUDUUUUDUUDDUUUDDUDUUUDDDUDDDDDDDUDDDDDDDUDDDDDDDUDDDDDDDUDD
            1540000 UDUUDDUDDDUUDUUUUDUUDDUUUDDUDUUUDDDUDDDDDDDUDDDDDDDUDDDDDDDUDDDDDDDUDD
            1550000 DDUUDDUDDDUUDUUUUDUUDDUUUDDUDUUUDDDUDDDDDDDUDDDDDDDUDDDDDDDUDDDDDDDUDD
            1620000 DUDUDDDDUUDUDDDUDUDUDDDUUUDUDDUDDUDUDDUDUDDDDDDDDDDDDDDDDDDDDDDDDUUUDU
            1630000 DDDDDDDDDDDDDDDDDDDDDDDDDDDDDDDDDDDDUDDUDDDUUDUDDDUDUDUUDDUUUUDDDUUUDU
            1640000 DDDDDDDDDDDDDDDDDDDDDDDDDDDDDDDDDDDDUDDUDDDUUDUDDDUDUDUUDDUUUUDDDDDUDU
            1880000 UDDDDDDDDDDDDDDDDDDDDDDDDDDDDDDDDDDDUDDUDDDUUDUDDDUDUDUUDDUUUUDDDDDUDU
            1890000 DDDDDDDDDDDDDDDDDDDDDDDDDDDDDDDDDDDDUDDUDDDUUDUDDDUDUDUUDDUUUUDDDDDUDU
            1960000 DDDDDDDDDDDDDDDDDDDDDDDDDDDDDDDDDDDDUDDUDDDUUDUDDDUDUDUUDDUUUUDDDUUDDD
            1970000 DDDDDDDDDDDDDDDDDDDDDDDDDDDDDDDDDDDDDDDDDDDDDUUDUUUDUUUDUUUDUUUDUUUDDD
            1980000 DDDDDDDDDDDDDDDDDDDDDDDDDDDDDDDDDDDDDDDDDDDDDUUDUUUDUUUDUUUDUUUDUDDDDD
            2220000 UDDDDDDDDDDDDDDDDDDDDDDDDDDDDDDDDDDDDDDDDDDDDUUDUUUDUUUDUUUDUUUDUDDDDD
            2230000 DDDDDDDDDDDDDDDDDDDDDDDDDDDDDDDDDDDDDDDDDDDDDUUDUUUDUUUDUUUDUUUDUDDDDD
            2270000 DUUUDUUUUUUDDUUDUUDUDUDUUUDDUDDDDDUUUUDDDDUDUDUUDDDUUDUDDDDDUDDUDUDUUU
            2350000 DUUUDUUUUUUDDUUDUUDUDUDUUUDDUDDDDDUUUUDDDDUDUDUUDDDUUDUDDDDDUDDUDUUUUU
            2360000 DUUUDUUUUUUDDUUDUUDUDUDUUUDDUDDDDDUUUUDDDDUDUDUUDDDUUDUDDDDDUDDUDDDUUU
            2480000 UUUUDUUUUUUDDUUDUUDUDUDUUUDDUDDDDDUUUUDDDDUDUDUUDDDUUDUDDDDDUDDUDDDUUU
            2490000 DUUUDUUUUUUDDUUDUUDUDUDUUUDDUDDDDDUUUUDDDDUDUDUUDDDUUDUDDDDDUDDUDUDUUU
            2570000 DUUUDUUUUUUDDUUDUUDUDUDUUUDDUDDDDDUUUUDDDDUDUDUUDDDUUDUDDDDDUDDUDUUDDD
            2580000 DDDDDDDDDDDDDDDDDDDDDDDDDDDDDDDDDDDDDDDDDDDDDDDDDDDDDDDDDDDDDDDDDDDDDD
            2700000 UDDDDDDDDDDDDDDDDDDDDDDDDDDDDDDDDDDDDDDDDDDDDDDDDDDDDDDDDDDDDDDDDDDDDD
            2710000 DUUUDUUUUUUDDUUDUUDUDUDUUUDDUDDDDDUUUUDDDDUDUDUUDDDUUDUDDDDDUDDUDUDDDU
            2810000 DDDDDDDDDDDDDDDDDDDDDDDDDDDDDDDDDDDDDDDDDDDDDDDDDDDDDUDDUUDDUUDDUDDDDU
            2830000 DUUUDUUUUUUDDUUDUUDUDUDUUUDDUDDDDDUUUUDDDDUDUDUUDDDUUDUDDDDDUDDUDUDDDU
            2910000 DUUUDUUUUUUDDUUDUUDUDUDUUUDDUDDDDDUUUUDDDDUDUDUUDDDUUDUDDDDDUDDUDUUUUD
            2920000 DUUUDUUUUUUDDUUDUUDUDUDUUUDDUDDDDDUUUUDDDDUDUDUUDDDUUDUDDDDDUDDUDDDUUD
