                  0 DDDDDDDDDDDDDDDDDDDDDDDDDDDDDDDDDDDDDDDDDDDDDDDDDDDDDDDDDDDDDDDDDDDDDDDDDDDDDDDDDDDDDDDDDDDDDDDDDDDDDDDDDDDDDDDDDDDDDDDDDDDDDDDDDDDDDDDDDDDDDDDDDDDDDDDDDDDDDDDDDDDDDDDDDDDDDDDDDDDDDDDDDDDDDDDDDDDDDDDDDDDDDDDDDDDDDDDDDDDDDDDDDDDDDDDDDDDDDDDDDDDDDDDDDDDDDDDDDDDDDDDDDDDDDDDDDDDDDDDDDDDDDDDDDDDDDDDDDDDDDDDDDDDDDDDDDDDDDDDDDDDDDDDDDDDDDDDDDDDDDDDDDDDDDDDDDDDDDDDDDDDDDDDDDDDDDDDDDDDDDDDDDDDDD
              20000 UDUDDDUDUDUUDUUUUUUDDDDUDUDUDDDUDUUDDDUDUDDDUDUDUUUDUUDUDDUDUDUDDUUDUDUDUDUUUUUUDUUUDDDUDUDUUDDDUDDDDDDDUDDUUUDDUUUUDUDDUUUUDDUUUUDDDDDDDDDDDDDDDDDDDDDDDDDDDDDDDDDDDDDDDDDDDDDDDDDDDDDDDDDDDDDDDDDDDDDDDDDDDDDDDDDDDDDDDDDDDDDDDDDDDDDDDDDDDDDDDDDDDDDDDDDDDDDDDDDDDDDDDDDDDDDDDDDDDDDDDDDDDDDDDDDDDDDDDDDDDDDDDDDDDDDDDDDDDDDDDDDDDDDDDDDDDDDDDDDDDDDDDDDDDDDDDDDDDDDDDDDDDDDDDDDDDDDDDDDDDDDDDDDDD
              40000 UDDDDDUDUDUUDUUUUUUDDDDUDUDUDDDUDUUDDDUDUDDDUDUDUUUDUUDUDDUDUDUDDUUDUDUDUDUUUUUUDUUUDDDUDUDUUDDDUDDDDDDDUDDUUUDDUUUUDUDDUUUUDDUUUUDDDDDDDDDDDDDDDDDDDDDDDDDDDDDDDDDDDDDDDDDDDDDDDDDDDDDDDDDDDDDDDDDDDDDDDDDDDDDDDDDDDDDDDDDDDDDDDDDDDDDDDDDDDDDDDDDDDDDDDDDDDDDDDDDDDDDDDDDDDDDDDDDDDDDDDDDDDDDDDDDDDDDDDDDDDDDDDDDDDDDDDDDDDDDDDDDDDDDDDDDDDDDDDDDDDDDDDDDDDDDDDDDDDDDDDDDDDDDDDDDDDDDDDDDDDDDDDDDDD
             170000 UUDUDDUDUDUUDUUUUUUDDDDUDUDUDDDUDUUDDDUDUDDDUDUDUUUDUUDUDDUDUDUDDUUDUDUDUDUUUUUUDUUUDDDUDUDUUDDDUDDDDDDDUDDUUUDDUUUUDUDDUUUUDDUUUUDDDDDDDDDDDDDDDDDDDDDDDDDDDDDDDDDDDDDDDDDDDDDDDDDDDDDDDDDDDDDDDDDDDDDDDDDDDDDDDDDDDDDDDDDDDDDDDDDDDDDDDDDDDDDDDDDDDDDDDDDDDDDDDDDDDDUUDUDUUUUDDDDDUUDUUUUUDUUUDDDUDDDUDUUUDDUDDDDDDUDDUUUUUUDDUDUUDUUUDUDDUDDUUUUDUDUUUUUUDDDDUDDDUDUUUDDUUUDDUDDUUDDDUDUUUDDUDUDUD
             190000 UUDDDDUDUDUUDUUUUUUDDDDUDUDUDDDUDUUDDDUDUDDDUDUDUUUDUUDUDDUDUDUDDUUDUDUDUDUUUUUUDUUUDDDUDUDUUDDDUDDDDDDDUDDUUUDDUUUUDUDDUUUUDDUUUUDDDDDDDDDDDDDDDDDDDDDDDDDDDDDDDDDDDDDDDDDDDDDDDDDDDDDDDDDDDDDDDDDDDDDDDDDDDDDDDDDDDDDDDDDDDDDDDDDDDDDDDDDDDDDDDDDDDDDDDDDDDDDDDDDDDDUUDUDUUUUDDDDDUUDUUUUUDUUUDDDUDDDUDUUUDDUDDDDDDUDDUUUUUUDDUDUUDUUUDUDDUDDUUUUDUDUUUUUUDDDDUDDDUDUUUDDUUUDDUDDUUDDDUDUUUDDUDUDUD
             700000 UUUDDDUDUDUUDUUUUUUDDDDUDUDUDDDUDUUDDDUDUDDDUDUDUUUDUUDUDDUDUDUDDUUDUDUDUDUUUUUUDUUUDDDUDUDUUDDDUDDDDDDDUDDUUUDDUUUUDUDDUUUUDDUUUUDDDDDDDDDDDDDDDDDDDDDDDDDDDDDDDDDDDDDDDDDDDDDDDDDDDDDDDDDDDDDDDDDDDDDDDDDDDDDDDDDDDDDDDDDDDDDDDDDDDDDDDDDDDDDDDDDDDDDDDDDDDDDDDDDDDDUUDUDUUUUDDDDDUUDUUUUUDUUUDDDUDDDUDUUUDDUDDDDDDUDDUUUUUUDDUDUUDUUUDUDDUDDUUUUDUDUUUUUUDDDDUDDDUDUUUDDUUUDDUDDUUDDDUDUUUDDUDUDUD
             720000 UUDDDDUDUDUUDUUUUUUDDDDUDUDUDDDUDUUDDDUDUDDDUDUDUUUDUUDUDDUDUDUDDUUDUDUDUDUUUUUUDUUUDDDUDUDUUDDDUDDDDDDDUDDUUUDDUUUUDUDDUUUUDDUUUUDDDDDDDDDDDDDDDDDDDDDDDDDDDDDDDDDDDDDDDDDDDDDDDDDDDDDDDDDDDDDDDDDDDDDDDDDDDDDDDDDDDDDDDDDDDDDDDDDDDDDDDDDDDDDDDDDDDDDDDDDDDDDDDDDDDDUUDUDUUUUDDDDDUUDUUUUUDUUUDDDUDDDUDUUUDDUDDDDDDUDDUUUUUUDDUDUUDUUUDUDDUDDUUUUDUDUUUUUUDDDDUDDDUDUUUDDUUUDDUDDUUDDDUDUUUDDUDUDUD
             850000 UUDUDDUDUDUUDUUUUUUDDDDUDUDUDDDUDUUDDDUDUDDDUDUDUUUDUUDUDDUDUDUDDUUDUDUDUDUUUUUUDUUUDDDUDUDUUDDDUDDDDDDDUDDUUUDDUUUUDUDDUUUUDDUUUUDDDDDDDDDDDDDDDDDDDDDDDDDDDDDDDDDDDDDDDDDDDDDDDDDDDDDDDDDDDDDDDDDDDDDDDDDDDDDDDDDDDDDDDDDDDDDDDDDDDDDDDDDDDDDDDDDDDDDDDDDDDDDDDDDDDUDUDUUUDDDUDUUDUUDDDUDUDDUDUDUUUDDDUUUUDDDDDDDUUUDUDUUDDUDDUUUDDUDDUUUUDUDUUDUUUDUUDUUUUUDUDUUDDDUDDDUDUUDUDUUUUUDDDUUUDDUDUDDDU
             870000 UUDDDDUDUDUUDUUUUUUDDDDUDUDUDDDUDUUDDDUDUDDDUDUDUUUDUUDUDDUDUDUDDUUDUDUDUDUUUUUUDUUUDDDUDUDUUDDDUDDDDDDDUDDUUUDDUUUUDUDDUUUUDDUUUUDDDDDDDDDDDDDDDDDDDDDDDDDDDDDDDDDDDDDDDDDDDDDDDDDDDDDDDDDDDDDDDDDDDDDDDDDDDDDDDDDDDDDDDDDDDDDDDDDDDDDDDDDDDDDDDDDDDDDDDDDDDDDDDDDDDUDUDUUUDDDUDUUDUUDDDUDUDDUDUDUUUDDDUUUUDDDDDDDUUUDUDUUDDUDDUUUDDUDDUUUUDUDUUDUUUDUUDUUUUUDUDUUDDDUDDDUDUUDUDUUUUUDDDUUUDDUDUDDDU
            1380000 UUUDDDUDUDUUDUUUUUUDDDDUDUDUDDDUDUUDDDUDUDDDUDUDUUUDUUDUDDUDUDUDDUUDUDUDUDUUUUUUDUUUDDDUDUDUUDDDUDDDDDDDUDDUUUDDUUUUDUDDUUUUDDUUUUDDDDDDDDDDDDDDDDDDDDDDDDDDDDDDDDDDDDDDDDDDDDDDDDDDDDDDDDDDDDDDDDDDDDDDDDDDDDDDDDDDDDDDDDDDDDDDDDDDDDDDDDDDDDDDDDDDDDDDDDDDDDDDDDDDDUDUDUUUDDDUDUUDUUDDDUDUDDUDUDUUUDDDUUUUDDDDDDDUUUDUDUUDDUDDUUUDDUDDUUUUDUDUUDUUUDUUDUUUUUDUDUUDDDUDDDUDUUDUDUUUUUDDDUUUDDUDUDDDU
            1400000 UUDDDDUDUDUUDUUUUUUDDDDUDUDUDDDUDUUDDDUDUDDDUDUDUUUDUUDUDDUDUDUDDUUDUDUDUDUUUUUUDUUUDDDUDUDUUDDDUDDDDDDDUDDUUUDDUUUUDUDDUUUUDDUUUUDDDDDDDDDDDDDDDDDDDDDDDDDDDDDDDDDDDDDDDDDDDDDDDDDDDDDDDDDDDDDDDDDDDDDDDDDDDDDDDDDDDDDDDDDDDDDDDDDDDDDDDDDDDDDDDDDDDDDDDDDDDDDDDDDDDUDUDUUUDDDUDUUDUUDDDUDUDDUDUDUUUDDDUUUUDDDDDDDUUUDUDUUDDUDDUUUDDUDDUUUUDUDUUDUUUDUUDUUUUUDUDUUDDDUDDDUDUUDUDUUUUUDDDUUUDDUDUDDDU
            1530000 UUDUDDUDUDUUDUUUUUUDDDDUDUDUDDDUDUUDDDUDUDDDUDUDUUUDUUDUDDUDUDUDDUUDUDUDUDUUUUUUDUUUDDDUDUDUUDDDUDDDDDDDUDDUUUDDUUUUDUDDUUUUDDUUUUDDDDDDDDDDDDDDDDDDDDDDDDDDDDDDDDDDDDDDDDDDDDDDDDDDDDDDDDDDDDDDDDDDDDDDDDDDDDDDDDDDDDDDDDDDDDDDDDDDDDDDDDDDDDDDDDDDDDDDDDDDDDDDDDDDDDDUUDDDDUUDDUDDDDDDUUUDDDUDDDUUDUDUDDDUUDUDUUUDDUUUDDUDDDDDUDDDUUUUDDUDUUUUUUDUUUUDDDDDUDDDUUDDUDDDUUDUDDDDDUDUDDUDUDDUDUUUDUUUU
            1550000 UUDDDDUDUDUUDUUUUUUDDDDUDUDUDDDUDUUDDDUDUDDDUDUDUUUDUUDUDDUDUDUDDUUDUDUDUDUUUUUUDUUUDDDUDUDUUDDDUDDDDDDDUDDUUUDDUUUUDUDDUUUUDDUUUUDDDDDDDDDDDDDDDDDDDDDDDDDDDDDDDDDDDDDDDDDDDDDDDDDDDDDDDDDDDDDDDDDDDDDDDDDDDDDDDDDDDDDDDDDDDDDDDDDDDDDDDDDDDDDDDDDDDDDDDDDDDDDDDDDDDDDUUDDDDUUDDUDDDDDDUUUDDDUDDDUUDUDUDDDUUDUDUUUDDUUUDDUDDDDDUDDDUUUUDDUDUUUUUUDUUUUDDDDDUDDDUUDDUDDDUUDUDDDDDUDUDDUDUDDUDUUUDUUUU
            2060000 UUUDDDUDUDUUDUUUUUUDDDDUDUDUDDDUDUUDDDUDUDDDUDUDUUUDUUDUDDUDUDUDDUUDUDUDUDUUUUUUDUUUDDDUDUDUUDDDUDDDDDDDUDDUUUDDUUUUDUDDUUUUDDUUUUDDDDDDDDDDDDDDDDDDDDDDDDDDDDDDDDDDDDDDDDDDDDDDDDDDDDDDDDDDDDDDDDDDDDDDDDDDDDDDDDDDDDDDDDDDDDDDDDDDDDDDDDDDDDDDDDDDDDDDDDDDDDDDDDDDDDDUUDDDDUUDDUDDDDDDUUUDDDUDDDUUDUDUDDDUUDUDUUUDDUUUDDUDDDDDUDDDUUUUDDUDUUUUUUDUUUUDDDDDUDDDUUDDUDDDUUDUDDDDDUDUDDUDUDDUDUUUDUUUU
            2080000 UUDDDDUDUDUUDUUUUUUDDDDUDUDUDDDUDUUDDDUDUDDDUDUDUUUDUUDUDDUDUDUDDUUDUDUDUDUUUUUUDUUUDDDUDUDUUDDDUDDDDDDDUDDUUUDDUUUUDUDDUUUUDDUUUUDDDDDDDDDDDDDDDDDDDDDDDDDDDDDDDDDDDDDDDDDDDDDDDDDDDDDDDDDDDDDDDDDDDDDDDDDDDDDDDDDDDDDDDDDDDDDDDDDDDDDDDDDDDDDDDDDDDDDDDDDDDDDDDDDDDDDUUDDDDUUDDUDDDDDDUUUDDDUDDDUUDUDUDDDUUDUDUUUDDUUUDDUDDDDDUDDDUUUUDDUDUUUUUUDUUUUDDDDDUDDDUUDDUDDDUUDUDDDDDUDUDDUDUDDUDUUUDUUUU
            2210000 UUDUDDUDUDUUDUUUUUUDDDDUDUDUDDDUDUUDDDUDUDDDUDUDUUUDUUDUDDUDUDUDDUUDUDUDUDUUUUUUDUUUDDDUDUDUUDDDUDDDDDDDUDDUUUDDUUUUDUDDUUUUDDUUUUDDDDDDDDDDDDDDDDDDDDDDDDDDDDDDDDDDDDDDDDDDDDDDDDDDDDDDDDDDDDDDDDDDDDDDDDDDDDDDDDDDDDDDDDDDDDDDDDDDDDDDDDDDDDDDDDDDDDDDDDDDDDDDDDDDDUUUUDUUDUDDUUUUUDDUDDUDDDUDDDUDUUUDUUUUUDUDDUUUUUDDUUDUUDDDUDUUUUDUDUUDUDDUDUDUUDUDDDDDUDUUUUDUUUUUDDUUDDUUDUUDDDDUUDUUUDDDUDDDD
            2230000 UUDDDDUDUDUUDUUUUUUDDDDUDUDUDDDUDUUDDDUDUDDDUDUDUUUDUUDUDDUDUDUDDUUDUDUDUDUUUUUUDUUUDDDUDUDUUDDDUDDDDDDDUDDUUUDDUUUUDUDDUUUUDDUUUUDDDDDDDDDDDDDDDDDDDDDDDDDDDDDDDDDDDDDDDDDDDDDDDDDDDDDDDDDDDDDDDDDDDDDDDDDDDDDDDDDDDDDDDDDDDDDDDDDDDDDDDDDDDDDDDDDDDDDDDDDDDDDDDDDDDUUUUDUUDUDDUUUUUDDUDDUDDDUDDDUDUUUDUUUUUDUDDUUUUUDDUUDUUDDDUDUUUUDUDUUDUDDUDUDUUDUDDDDDUDUUUUDUUUUUDDUUDDUUDUUDDDDUUDUUUDDDUDDDD
            2740000 UUUDDDUDUDUUDUUUUUUDDDDUDUDUDDDUDUUDDDUDUDDDUDUDUUUDUUDUDDUDUDUDDUUDUDUDUDUUUUUUDUUUDDDUDUDUUDDDUDDDDDDDUDDUUUDDUUUUDUDDUUUUDDUUUUDDDDDDDDDDDDDDDDDDDDDDDDDDDDDDDDDDDDDDDDDDDDDDDDDDDDDDDDDDDDDDDDDDDDDDDDDDDDDDDDDDDDDDDDDDDDDDDDDDDDDDDDDDDDDDDDDDDDDDDDDDDDDDDDDDDUUUUDUUDUDDUUUUUDDUDDUDDDUDDDUDUUUDUUUUUDUDDUUUUUDDUUDUUDDDUDUUUUDUDUUDUDDUDUDUUDUDDDDDUDUUUUDUUUUUDDUUDDUUDUUDDDDUUDUUUDDDUDDDD
            2760000 UUDDDDUDUDUUDUUUUUUDDDDUDUDUDDDUDUUDDDUDUDDDUDUDUUUDUUDUDDUDUDUDDUUDUDUDUDUUUUUUDUUUDDDUDUDUUDDDUDDDDDDDUDDUUUDDUUUUDUDDUUUUDDUUUUDDDDDDDDDDDDDDDDDDDDDDDDDDDDDDDDDDDDDDDDDDDDDDDDDDDDDDDDDDDDDDDDDDDDDDDDDDDDDDDDDDDDDDDDDDDDDDDDDDDDDDDDDDDDDDDDDDDDDDDDDDDDDDDDDDDUUUUDUUDUDDUUUUUDDUDDUDDDUDDDUDUUUDUUUUUDUDDUUUUUDDUUDUUDDDUDUUUUDUDUUDUDDUDUDUUDUDDDDDUDUUUUDUUUUUDDUUDDUUDUUDDDDUUDUUUDDDUDDDD
            2890000 UDDUDDUDUDUUDUUUUUUDDDDUDUDUDDDUDUUDDDUDUDDDUDUDUUUDUUDUDDUDUDUDDUUDUDUDUDUUUUUUDUUUDDDUDUDUUDDDUDDDDDDDUDDUUUDDUUUUDUDDUUUUDDUUUUDDDDDDDDDDDDDDDDDDDDDDDDDDDDDDDDDDDDDDDDDDDDDDDDDDDDDDDDDDDDDDDDDDDDDDDDDDDDDDDDDDDDDDDDDDDDDDDDDDDDDDDDDDDDDDDDDDDDDDDDDDDDDDDDDDDDDUUUDUDUUDUDUUUDUUUUDUUUDUUDUDDDDDDUUDUDUUUUDUDDDUUDUUDDUUDDDDDUDUDUDDDUDDUUUUDUUDDUDUDUUUUDDUUDDUDDUDDDUUDDUUDUUUDUUUUUDDUDUUU
            2910000 UDDDDDUDUDUUDUUUUUUDDDDUDUDUDDDUDUUDDDUDUDDDUDUDUUUDUUDUDDUDUDUDDUUDUDUDUDUUUUUUDUUUDDDUDUDUUDDDUDDDDDDDUDDUUUDDUUUUDUDDUUUUDDUUUUDDDDDDDDDDDDDDDDDDDDDDDDDDDDDDDDDDDDDDDDDDDDDDDDDDDDDDDDDDDDDDDDDDDDDDDDDDDDDDDDDDDDDDDDDDDDDDDDDDDDDDDDDDDDDDDDDDDDDDDDDDDDDDDDDDDDDUUUDUDUUDUDUUUDUUUUDUUUDUUDUDDDDDDUUDUDUUUUDUDDDUUDUUDDUUDDDDDUDUDUDDDUDDUUUUDUUDDUDUDUUUUDDUUDDUDDUDDDUUDDUUDUUUDUUUUUDDUDUUU
            3420000 UDUDDDUDUDUUDUUUUUUDDDDUDUDUDDDUDUUDDDUDUDDDUDUDUUUDUUDUDDUDUDUDDUUDUDUDUDUUUUUUDUUUDDDUDUDUUDDDUDDDDDDDUDDUUUDDUUUUDUDDUUUUDDUUUUDDDDDDDDDDDDDDDDDDDDDDDDDDDDDDDDDDDDDDDDDDDDDDDDDDDDDDDDDDDDDDDDDDDDDDDDDDDDDDDDDDDDDDDDDDDDDDDDDDDDDDDDDDDDDDDDDDDDDDDDDDDDDDDDDDDDDUUUDUDUUDUDUUUDUUUUDUUUDUUDUDDDDDDUUDUDUUUUDUDDDUUDUUDDUUDDDDDUDUDUDDDUDDUUUUDUUDDUDUDUUUUDDUUDDUDDUDDDUUDDUUDUUUDUUUUUDDUDUUU
            3440000 UDDDDDUDUDUUDUUUUUUDDDDUDUDUDDDUDUUDDDUDUDDDUDUDUUUDUUDUDDUDUDUDDUUDUDUDUDUUUUUUDUUUDDDUDUDUUDDDUDDDDDDDUDDUUUDDUUUUDUDDUUUUDDUUUUDDDDDDDDDDDDDDDDDDDDDDDDDDDDDDDDDDDDDDDDDDDDDDDDDDDDDDDDDDDDDDDDDDDDDDDDDDDDDDDDDDDDDDDDDDDDDDDDDDDDDDDDDDDDDDDDDDDDDDDDDDDDDDDDDDDDDUUUDUDUUDUDUUUDUUUUDUUUDUUDUDDDDDDUUDUDUUUUDUDDDUUDUUDDUUDDDDDUDUDUDDDUDDUUUUDUUDDUDUDUUUUDDUUDDUDDUDDDUUDDUUDUUUDUUUUUDDUDUUU
            3570000 UDDUDDUDUDUUDUUUUUUDDDDUDUDUDDDUDUUDDDUDUDDDUDUDUUUDUUDUDDUDUDUDDUUDUDUDUDUUUUUUDUUUDDDUDUDUUDDDUDDDDDDDUDDUUUDDUUUUDUDDUUUUDDUUUUDDDDDDDDDDDDDDDDDDDDDDDDDDDDDDDDDDDDDDDDDDDDDDDDDDDDDDDDDDDDDDDDDDDDDDDDDDDDDDDDDDDDDDDDDDDDDDDDDDDDDDDDDDDDDDDDDDDDDDDDDDDDDDDDDDDUUUUDUDUUUDUDDUUUUDUDUDUUDDDDUDUDDDDDDUUUDUUUDDUDUUDUDDUUDDUUUDUUUUDDUUUUDDDDUDUUDDDUDDUDUDUUDUDUDDUDUUDUUUUUUDUUDUUUDUDUDUDUUUU
            3590000 UDDDDDUDUDUUDUUUUUUDDDDUDUDUDDDUDUUDDDUDUDDDUDUDUUUDUUDUDDUDUDUDDUUDUDUDUDUUUUUUDUUUDDDUDUDUUDDDUDDDDDDDUDDUUUDDUUUUDUDDUUUUDDUUUUDDDDDDDDDDDDDDDDDDDDDDDDDDDDDDDDDDDDDDDDDDDDDDDDDDDDDDDDDDDDDDDDDDDDDDDDDDDDDDDDDDDDDDDDDDDDDDDDDDDDDDDDDDDDDDDDDDDDDDDDDDDDDDDDDDDUUUUDUDUUUDUDDUUUUDUDUDUUDDDDUDUDDDDDDUUUDUUUDDUDUUDUDDUUDDUUUDUUUUDDUUUUDDDDUDUUDDDUDDUDUDUUDUDUDDUDUUDUUUUUUDUUDUUUDUDUDUDUUUU
            4100000 UDUDDDUDUDUUDUUUUUUDDDDUDUDUDDDUDUUDDDUDUDDDUDUDUUUDUUDUDDUDUDUDDUUDUDUDUDUUUUUUDUUUDDDUDUDUUDDDUDDDDDDDUDDUUUDDUUUUDUDDUUUUDDUUUUDDDDDDDDDDDDDDDDDDDDDDDDDDDDDDDDDDDDDDDDDDDDDDDDDDDDDDDDDDDDDDDDDDDDDDDDDDDDDDDDDDDDDDDDDDDDDDDDDDDDDDDDDDDDDDDDDDDDDDDDDDDDDDDDDDDUUUUDUDUUUDUDDUUUUDUDUDUUDDDDUDUDDDDDDUUUDUUUDDUDUUDUDDUUDDUUUDUUUUDDUUUUDDDDUDUUDDDUDDUDUDUUDUDUDDUDUUDUUUUUUDUUDUUUDUDUDUDUUUU
            4120000 UDDDDDUDUDUUDUUUUUUDDDDUDUDUDDDUDUUDDDUDUDDDUDUDUUUDUUDUDDUDUDUDDUUDUDUDUDUUUUUUDUUUDDDUDUDUUDDDUDDDDDDDUDDUUUDDUUUUDUDDUUUUDDUUUUDDDDDDDDDDDDDDDDDDDDDDDDDDDDDDDDDDDDDDDDDDDDDDDDDDDDDDDDDDDDDDDDDDDDDDDDDDDDDDDDDDDDDDDDDDDDDDDDDDDDDDDDDDDDDDDDDDDDDDDDDDDDDDDDDDDUUUUDUDUUUDUDDUUUUDUDUDUUDDDDUDUDDDDDDUUUDUUUDDUDUUDUDDUUDDUUUDUUUUDDUUUUDDDDUDUUDDDUDDUDUDUUDUDUDDUDUUDUUUUUUDUUDUUUDUDUDUDUUUU
            4250000 UDDUDDUDUDUUDUUUUUUDDDDUDUDUDDDUDUUDDDUDUDDDUDUDUUUDUUDUDDUDUDUDDUUDUDUDUDUUUUUUDUUUDDDUDUDUUDDDUDDDDDDDUDDUUUDDUUUUDUDDUUUUDDUUUUDDDDDDDDDDDDDDDDDDDDDDDDDDDDDDDDDDDDDDDDDDDDDDDDDDDDDDDDDDDDDDDDDDDDDDDDDDDDDDDDDDDDDDDDDDDDDDDDDDDDDDDDDDDDDDDDDDDDDDDDDDDDDDDDDDDDUDDDDUUUDUUDDDUUUDDUUDUDUUUUUUUDUDUUDDUUDDDUUUDUUDDUUUDDDUDDDUUUDDDUDDDDDDUUDUUDDDDDDDDUUUDDDUUUUUDUUDUDDDDDDUUDDDDDUUDUDDDUDDD
            4270000 UDDDDDUDUDUUDUUUUUUDDDDUDUDUDDDUDUUDDDUDUDDDUDUDUUUDUUDUDDUDUDUDDUUDUDUDUDUUUUUUDUUUDDDUDUDUUDDDUDDDDDDDUDDUUUDDUUUUDUDDUUUUDDUUUUDDDDDDDDDDDDDDDDDDDDDDDDDDDDDDDDDDDDDDDDDDDDDDDDDDDDDDDDDDDDDDDDDDDDDDDDDDDDDDDDDDDDDDDDDDDDDDDDDDDDDDDDDDDDDDDDDDDDDDDDDDDDDDDDDDDDUDDDDUUUDUUDDDUUUDDUUDUDUUUUUUUDUDUUDDUUDDDUUUDUUDDUUUDDDUDDDUUUDDDUDDDDDDUUDUUDDDDDDDDUUUDDDUUUUUDUUDUDDDDDDUUDDDDDUUDUDDDUDDD
            4780000 UDUDDDUDUDUUDUUUUUUDDDDUDUDUDDDUDUUDDDUDUDDDUDUDUUUDUUDUDDUDUDUDDUUDUDUDUDUUUUUUDUUUDDDUDUDUUDDDUDDDDDDDUDDUUUDDUUUUDUDDUUUUDDUUUUDDDDDDDDDDDDDDDDDDDDDDDDDDDDDDDDDDDDDDDDDDDDDDDDDDDDDDDDDDDDDDDDDDDDDDDDDDDDDDDDDDDDDDDDDDDDDDDDDDDDDDDDDDDDDDDDDDDDDDDDDDDDDDDDDDDDUDDDDUUUDUUDDDUUUDDUUDUDUUUUUUUDUDUUDDUUDDDUUUDUUDDUUUDDDUDDDUUUDDDUDDDDDDUUDUUDDDDDDDDUUUDDDUUUUUDUUDUDDDDDDUUDDDDDUUDUDDDUDDD
            4800000 UDDDDDUDUDUUDUUUUUUDDDDUDUDUDDDUDUUDDDUDUDDDUDUDUUUDUUDUDDUDUDUDDUUDUDUDUDUUUUUUDUUUDDDUDUDUUDDDUDDDDDDDUDDUUUDDUUUUDUDDUUUUDDUUUUDDDDDDDDDDDDDDDDDDDDDDDDDDDDDDDDDDDDDDDDDDDDDDDDDDDDDDDDDDDDDDDDDDDDDDDDDDDDDDDDDDDDDDDDDDDDDDDDDDDDDDDDDDDDDDDDDDDDDDDDDDDDDDDDDDDDUDDDDUUUDUUDDDUUUDDUUDUDUUUUUUUDUDUUDDUUDDDUUUDUUDDUUUDDDUDDDUUUDDDUDDDDDDUUDUUDDDDDDDDUUUDDDUUUUUDUUDUDDDDDDUUDDDDDUUDUDDDUDDD
            4930000 UDDUDDUDUDUUDUUUUUUDDDDUDUDUDDDUDUUDDDUDUDDDUDUDUUUDUUDUDDUDUDUDDUUDUDUDUDUUUUUUDUUUDDDUDUDUUDDDUDDDDDDDUDDUUUDDUUUUDUDDUUUUDDUUUUDDDDDDDDDDDDDDDDDDDDDDDDDDDDDDDDDDDDDDDDDDDDDDDDDDDDDDDDDDDDDDDDDDDDDDDDDDDDDDDDDDDDDDDDDDDDDDDDDDDDDDDDDDDDDDDDDDDDDDDDDDDDDDDDDDDDUUUUDUUDDDDUUDDDUUUUDDDDUDUUUUDDDUDDUUUUUUDUDDDUDUDUUDUDDUUUUUUUDDDDDUDDDUDDDUUDDUDDDDDDUUUDDDUDDDDDUDDDUUUDDUDDUDUUUDUUUDUDUDD
            4950000 UDDDDDUDUDUUDUUUUUUDDDDUDUDUDDDUDUUDDDUDUDDDUDUDUUUDUUDUDDUDUDUDDUUDUDUDUDUUUUUUDUUUDDDUDUDUUDDDUDDDDDDDUDDUUUDDUUUUDUDDUUUUDDUUUUDDDDDDDDDDDDDDDDDDDDDDDDDDDDDDDDDDDDDDDDDDDDDDDDDDDDDDDDDDDDDDDDDDDDDDDDDDDDDDDDDDDDDDDDDDDDDDDDDDDDDDDDDDDDDDDDDDDDDDDDDDDDDDDDDDDDUUUUDUUDDDDUUDDDUUUUDDDDUDUUUUDDDUDDUUUUUUDUDDDUDUDUUDUDDUUUUUUUDDDDDUDDDUDDDUUDDUDDDDDDUUUDDDUDDDDDUDDDUUUDDUDDUDUUUDUUUDUDUDD
            5460000 UDUDDUUDDDDDDDUUUUDUUUUDUDUUDDDUDDDDDDDUDUDUUUDDUDUDDUUUDDDUUDUUUUUDDDUDUDUUDUUUDDUUUDUDUUUDUUUUDDDDUDDDDUDUDUUUUUDUDUUUDUUUUDDDDDDUDDDUUUUUDDUUDUDUDDUDUUDDDDDDDUUUDDUUUDUUDUUDDDDUDDDDUDDDUUDUDUUUDDUDUUDUUDDUUDDDDDDUDDDDUDUDDDUUDDDDUDDUDDDUDUDDUUDUUUUUUUUUDUDDUDUUUUDUUDDDDUUDDDUUUUDDDDUDUUUUDDDUDDUUUUUUDUDDDUDUDUUDUDDUUUUUUUDDDDDUDDDUDDDUUDDUDDDDDDUUUDDDUDDDDDUDDDUUUDDUDDUDUUUDUUUDUDUDD
            5480000 UDDDDUUDDDDDDDUUUUDUUUUDUDUUDDDUDDDDDDDUDUDUUUDDUDUDDUUUDDDUUDUUUUUDDDUDUDUUDUUUDDUUUDUDUUUDUUUUDDDDUDDDDUDUDUUUUUDUDUUUDUUUUDDDDDDUDDDUUUUUDDUUDUDUDDUDUUDDDDDDDUUUDDUUUDUUDUUDDDDUDDDDUDDDUUDUDUUUDDUDUUDUUDDUUDDDDDDUDDDDUDUDDDUUDDDDUDDUDDDUDUDDUUDUUUUUUUUUDUDDUDUUUUDUUDDDDUUDDDUUUUDDDDUDUUUUDDDUDDUUUUUUDUDDDUDUDUUDUDDUUUUUUUDDDDDUDDDUDDDUUDDUDDDDDDUUUDDDUDDDDDUDDDUUUDDUDDUDUUUDUUUDUDUDD
            5650000 UUDUDUUDDDDDDDUUUUDUUUUDUDUUDDDUDDDDDDDUDUDUUUDDUDUDDUUUDDDUUDUUUUUDDDUDUDUUDUUUDDUUUDUDUUUDUUUUDDDDUDDDDUDUDUUUUUDUDUUUDUUUUDDDDDDUDDDUUUUUDDUUDUDUDDUDUUDDDDDDDUUUDDUUUDUUDUUDDDDUDDDDUDDDUUDUDUUUDDUDUUDUUDDUUDDDDDDUDDDDUDUDDDUUDDDDUDDUDDDUDUDDUUDUUUUUUUUUDUDDUDUUDUDUUUUDDDDDUUDUUUUUDUUUDDDUDDDUDUUUDDUDDDDDDUDDUUUUUUDDUDUUDUUUDUDDUDDUUUUDUDUUUUUUDDDDUDDDUDUUUDDUUUDDUDDUUDDDUDUUUDDUDUDUD
            5670000 UUDDDUUDDDDDDDUUUUDUUUUDUDUUDDDUDDDDDDDUDUDUUUDDUDUDDUUUDDDUUDUUUUUDDDUDUDUUDUUUDDUUUDUDUUUDUUUUDDDDUDDDDUDUDUUUUUDUDUUUDUUUUDDDDDDUDDDUUUUUDDUUDUDUDDUDUUDDDDDDDUUUDDUUUDUUDUUDDDDUDDDDUDDDUUDUDUUUDDUDUUDUUDDUUDDDDDDUDDDDUDUDDDUUDDDDUDDUDDDUDUDDUUDUUUUUUUUUDUDDUDUUDUDUUUUDDDDDUUDUUUUUDUUUDDDUDDDUDUUUDDUDDDDDDUDDUUUUUUDDUDUUDUUUDUDDUDDUUUUDUDUUUUUUDDDDUDDDUDUUUDDUUUDDUDDUUDDDUDUUUDDUDUDUD
            6380000 UUUDDUUDDDDDDDUUUUDUUUUDUDUUDDDUDDDDDDDUDUDUUUDDUDUDDUUUDDDUUDUUUUUDDDUDUDUUDUUUDDUUUDUDUUUDUUUUDDDDUDDDDUDUDUUUUUDUDUUUDUUUUDDDDDDUDDDUUUUUDDUUDUDUDDUDUUDDDDDDDUUUDDUUUDUUDUUDDDDUDDDDUDDDUUDUDUUUDDUDUUDUUDDUUDDDDDDUDDDDUDUDDDUUDDDDUDDUDDDUDUDDUUDUUUUUUUUUDUDDUDUUDUDUUUUDDDDDUUDUUUUUDUUUDDDUDDDUDUUUDDUDDDDDDUDDUUUUUUDDUDUUDUUUDUDDUDDUUUUDUDUUUUUUDDDDUDDDUDUUUDDUUUDDUDDUUDDDUDUUUDDUDUDUD
            6400000 UUDDDUUDDDDDDDUUUUDUUUUDUDUUDDDUDDDDDDDUDUDUUUDDUDUDDUUUDDDUUDUUUUUDDDUDUDUUDUUUDDUUUDUDUUUDUUUUDDDDUDDDDUDUDUUUUUDUDUUUDUUUUDDDDDDUDDDUUUUUDDUUDUDUDDUDUUDDDDDDDUUUDDUUUDUUDUUDDDDUDDDDUDDDUUDUDUUUDDUDUUDUUDDUUDDDDDDUDDDDUDUDDDUUDDDDUDDUDDDUDUDDUUDUUUUUUUUUDUDDUDUUDUDUUUUDDDDDUUDUUUUUDUUUDDDUDDDUDUUUDDUDDDDDDUDDUUUUUUDDUDUUDUUUDUDDUDDUUUUDUDUUUUUUDDDDUDDDUDUUUDDUUUDDUDDUUDDDUDUUUDDUDUDUD
            6570000 UUDUDUUDDDDDDDUUUUDUUUUDUDUUDDDUDDDDDDDUDUDUUUDDUDUDDUUUDDDUUDUUUUUDDDUDUDUUDUUUDDUUUDUDUUUDUUUUDDDDUDDDDUDUDUUUUUDUDUUUDUUUUDDDDDDUDDDUUUUUDDUUDUDUDDUDUUDDDDDDDUUUDDUUUDUUDUUDDDDUDDDDUDDDUUDUDUUUDDUDUUDUUDDUUDDDDDDUDDDDUDUDDDUUDDDDUDDUDDDUDUDDUUDUUUUUUUUUDUDDUUDUDUUUDDDUDUUDUUDDDUDUDDUDUDUUUDDDUUUUDDDDDDDUUUDUDUUDDUDDUUUDDUDDUUUUDUDUUDUUUDUUDUUUUUDUDUUDDDUDDDUDUUDUDUUUUUDDDUUUDDUDUDDDU
            6590000 UUDDDUUDDDDDDDUUUUDUUUUDUDUUDDDUDDDDDDDUDUDUUUDDUDUDDUUUDDDUUDUUUUUDDDUDUDUUDUUUDDUUUDUDUUUDUUUUDDDDUDDDDUDUDUUUUUDUDUUUDUUUUDDDDDDUDDDUUUUUDDUUDUDUDDUDUUDDDDDDDUUUDDUUUDUUDUUDDDDUDDDDUDDDUUDUDUUUDDUDUUDUUDDUUDDDDDDUDDDDUDUDDDUUDDDDUDDUDDDUDUDDUUDUUUUUUUUUDUDDUUDUDUUUDDDUDUUDUUDDDUDUDDUDUDUUUDDDUUUUDDDDDDDUUUDUDUUDDUDDUUUDDUDDUUUUDUDUUDUUUDUUDUUUUUDUDUUDDDUDDDUDUUDUDUUUUUDDDUUUDDUDUDDDU
            7300000 UUUDDUUDDDDDDDUUUUDUUUUDUDUUDDDUDDDDDDDUDUDUUUDDUDUDDUUUDDDUUDUUUUUDDDUDUDUUDUUUDDUUUDUDUUUDUUUUDDDDUDDDDUDUDUUUUUDUDUUUDUUUUDDDDDDUDDDUUUUUDDUUDUDUDDUDUUDDDDDDDUUUDDUUUDUUDUUDDDDUDDDDUDDDUUDUDUUUDDUDUUDUUDDUUDDDDDDUDDDDUDUDDDUUDDDDUDDUDDDUDUDDUUDUUUUUUUUUDUDDUUDUDUUUDDDUDUUDUUDDDUDUDDUDUDUUUDDDUUUUDDDDDDDUUUDUDUUDDUDDUUUDDUDDUUUUDUDUUDUUUDUUDUUUUUDUDUUDDDUDDDUDUUDUDUUUUUDDDUUUDDUDUDDDU
            7320000 UUDDDUUDDDDDDDUUUUDUUUUDUDUUDDDUDDDDDDDUDUDUUUDDUDUDDUUUDDDUUDUUUUUDDDUDUDUUDUUUDDUUUDUDUUUDUUUUDDDDUDDDDUDUDUUUUUDUDUUUDUUUUDDDDDDUDDDUUUUUDDUUDUDUDDUDUUDDDDDDDUUUDDUUUDUUDUUDDDDUDDDDUDDDUUDUDUUUDDUDUUDUUDDUUDDDDDDUDDDDUDUDDDUUDDDDUDDUDDDUDUDDUUDUUUUUUUUUDUDDUUDUDUUUDDDUDUUDUUDDDUDUDDUDUDUUUDDDUUUUDDDDDDDUUUDUDUUDDUDDUUUDDUDDUUUUDUDUUDUUUDUUDUUUUUDUDUUDDDUDDDUDUUDUDUUUUUDDDUUUDDUDUDDDU
            7490000 UUDUDUUDDDDDDDUUUUDUUUUDUDUUDDDUDDDDDDDUDUDUUUDDUDUDDUUUDDDUUDUUUUUDDDUDUDUUDUUUDDUUUDUDUUUDUUUUDDDDUDDDDUDUDUUUUUDUDUUUDUUUUDDDDDDUDDDUUUUUDDUUDUDUDDUDUUDDDDDDDUUUDDUUUDUUDUUDDDDUDDDDUDDDUUDUDUUUDDUDUUDUUDDUUDDDDDDUDDDDUDUDDDUUDDDDUDDUDDDUDUDDUUDUUUUUUUUUDUDDUDDUUDDDDUUDDUDDDDDDUUUDDDUDDDUUDUDUDDDUUDUDUUUDDUUUDDUDDDDDUDDDUUUUDDUDUUUUUUDUUUUDDDDDUDDDUUDDUDDDUUDUDDDDDUDUDDUDUDDUDUUUDUUUU
            7510000 UUDDDUUDDDDDDDUUUUDUUUUDUDUUDDDUDDDDDDDUDUDUUUDDUDUDDUUUDDDUUDUUUUUDDDUDUDUUDUUUDDUUUDUDUUUDUUUUDDDDUDDDDUDUDUUUUUDUDUUUDUUUUDDDDDDUDDDUUUUUDDUUDUDUDDUDUUDDDDDDDUUUDDUUUDUUDUUDDDDUDDDDUDDDUUDUDUUUDDUDUUDUUDDUUDDDDDDUDDDDUDUDDDUUDDDDUDDUDDDUDUDDUUDUUUUUUUUUDUDDUDDUUDDDDUUDDUDDDDDDUUUDDDUDDDUUDUDUDDDUUDUDUUUDDUUUDDUDDDDDUDDDUUUUDDUDUUUUUUDUUUUDDDDDUDDDUUDDUDDDUUDUDDDDDUDUDDUDUDDUDUUUDUUUU
            8220000 UUUDDUUDDDDDDDUUUUDUUUUDUDUUDDDUDDDDDDDUDUDUUUDDUDUDDUUUDDDUUDUUUUUDDDUDUDUUDUUUDDUUUDUDUUUDUUUUDDDDUDDDDUDUDUUUUUDUDUUUDUUUUDDDDDDUDDDUUUUUDDUUDUDUDDUDUUDDDDDDDUUUDDUUUDUUDUUDDDDUDDDDUDDDUUDUDUUUDDUDUUDUUDDUUDDDDDDUDDDDUDUDDDUUDDDDUDDUDDDUDUDDUUDUUUUUUUUUDUDDUDDUUDDDDUUDDUDDDDDDUUUDDDUDDDUUDUDUDDDUUDUDUUUDDUUUDDUDDDDDUDDDUUUUDDUDUUUUUUDUUUUDDDDDUDDDUUDDUDDDUUDUDDDDDUDUDDUDUDDUDUUUDUUUU
            8240000 UUDDDUUDDDDDDDUUUUDUUUUDUDUUDDDUDDDDDDDUDUDUUUDDUDUDDUUUDDDUUDUUUUUDDDUDUDUUDUUUDDUUUDUDUUUDUUUUDDDDUDDDDUDUDUUUUUDUDUUUDUUUUDDDDDDUDDDUUUUUDDUUDUDUDDUDUUDDDDDDDUUUDDUUUDUUDUUDDDDUDDDDUDDDUUDUDUUUDDUDUUDUUDDUUDDDDDDUDDDDUDUDDDUUDDDDUDDUDDDUDUDDUUDUUUUUUUUUDUDDUDDUUDDDDUUDDUDDDDDDUUUDDDUDDDUUDUDUDDDUUDUDUUUDDUUUDDUDDDDDUDDDUUUUDDUDUUUUUUDUUUUDDDDDUDDDUUDDUDDDUUDUDDDDDUDUDDUDUDDUDUUUDUUUU
            8410000 UUDUDUUDDDDDDDUUUUDUUUUDUDUUDDDUDDDDDDDUDUDUUUDDUDUDDUUUDDDUUDUUUUUDDDUDUDUUDUUUDDUUUDUDUUUDUUUUDDDDUDDDDUDUDUUUUUDUDUUUDUUUUDDDDDDUDDDUUUUUDDUUDUDUDDUDUUDDDDDDDUUUDDUUUDUUDUUDDDDUDDDDUDDDUUDUDUUUDDUDUUDUUDDUUDDDDDDUDDDDUDUDDDUUDDDDUDDUDDDUDUDDUUDUUUUUUUUUDUDDUUUUUDUUDUDDUUUUUDDUDDUDDDUDDDUDUUUDUUUUUDUDDUUUUUDDUUDUUDDDUDUUUUDUDUUDUDDUDUDUUDUDDDDDUDUUUUDUUUUUDDUUDDUUDUUDDDDUUDUUUDDDUDDDD
            8430000 UUDDDUUDDDDDDDUUUUDUUUUDUDUUDDDUDDDDDDDUDUDUUUDDUDUDDUUUDDDUUDUUUUUDDDUDUDUUDUUUDDUUUDUDUUUDUUUUDDDDUDDDDUDUDUUUUUDUDUUUDUUUUDDDDDDUDDDUUUUUDDUUDUDUDDUDUUDDDDDDDUUUDDUUUDUUDUUDDDDUDDDDUDDDUUDUDUUUDDUDUUDUUDDUUDDDDDDUDDDDUDUDDDUUDDDDUDDUDDDUDUDDUUDUUUUUUUUUDUDDUUUUUDUUDUDDUUUUUDDUDDUDDDUDDDUDUUUDUUUUUDUDDUUUUUDDUUDUUDDDUDUUUUDUDUUDUDDUDUDUUDUDDDDDUDUUUUDUUUUUDDUUDDUUDUUDDDDUUDUUUDDDUDDDD
            9140000 UUUDDUUDDDDDDDUUUUDUUUUDUDUUDDDUDDDDDDDUDUDUUUDDUDUDDUUUDDDUUDUUUUUDDDUDUDUUDUUUDDUUUDUDUUUDUUUUDDDDUDDDDUDUDUUUUUDUDUUUDUUUUDDDDDDUDDDUUUUUDDUUDUDUDDUDUUDDDDDDDUUUDDUUUDUUDUUDDDDUDDDDUDDDUUDUDUUUDDUDUUDUUDDUUDDDDDDUDDDDUDUDDDUUDDDDUDDUDDDUDUDDUUDUUUUUUUUUDUDDUUUUUDUUDUDDUUUUUDDUDDUDDDUDDDUDUUUDUUUUUDUDDUUUUUDDUUDUUDDDUDUUUUDUDUUDUDDUDUDUUDUDDDDDUDUUUUDUUUUUDDUUDDUUDUUDDDDUUDUUUDDDUDDDD
            9160000 UUDDDUUDDDDDDDUUUUDUUUUDUDUUDDDUDDDDDDDUDUDUUUDDUDUDDUUUDDDUUDUUUUUDDDUDUDUUDUUUDDUUUDUDUUUDUUUUDDDDUDDDDUDUDUUUUUDUDUUUDUUUUDDDDDDUDDDUUUUUDDUUDUDUDDUDUUDDDDDDDUUUDDUUUDUUDUUDDDDUDDDDUDDDUUDUDUUUDDUDUUDUUDDUUDDDDDDUDDDDUDUDDDUUDDDDUDDUDDDUDUDDUUDUUUUUUUUUDUDDUUUUUDUUDUDDUUUUUDDUDDUDDDUDDDUDUUUDUUUUUDUDDUUUUUDDUUDUUDDDUDUUUUDUDUUDUDDUDUDUUDUDDDDDUDUUUUDUUUUUDDUUDDUUDUUDDDDUUDUUUDDDUDDDD
            9330000 UDDUDUUDDDDDDDUUUUDUUUUDUDUUDDDUDDDDDDDUDUDUUUDDUDUDDUUUDDDUUDUUUUUDDDUDUDUUDUUUDDUUUDUDUUUDUUUUDDDDUDDDDUDUDUUUUUDUDUUUDUUUUDDDDDDUDDDUUUUUDDUUDUDUDDUDUUDDDDDDDUUUDDUUUDUUDUUDDDDUDDDDUDDDUUDUDUUUDDUDUUDUUDDUUDDDDDDUDDDDUDUDDDUUDDDDUDDUDDDUDUDDUUDUUUUUUUUUDUDDUUUUUDDUUUUUDUUUDUUDUDDDUUDUUUUDUUDUUDUDUUUDUDDUDUDUDDDDDDDUUUUDDDDDDDUUDDUDDUDUUDUDUUDUDDUUUUUUDDDUUUUDUUDUUDDDUUDDDDDDUUUUUUDDD
            9350000 UDDDDUUDDDDDDDUUUUDUUUUDUDUUDDDUDDDDDDDUDUDUUUDDUDUDDUUUDDDUUDUUUUUDDDUDUDUUDUUUDDUUUDUDUUUDUUUUDDDDUDDDDUDUDUUUUUDUDUUUDUUUUDDDDDDUDDDUUUUUDDUUDUDUDDUDUUDDDDDDDUUUDDUUUDUUDUUDDDDUDDDDUDDDUUDUDUUUDDUDUUDUUDDUUDDDDDDUDDDDUDUDDDUUDDDDUDDUDDDUDUDDUUDUUUUUUUUUDUDDUUUUUDDUUUUUDUUUDUUDUDDDUUDUUUUDUUDUUDUDUUUDUDDUDUDUDDDDDDDUUUUDDDDDDDUUDDUDDUDUUDUDUUDUDDUUUUUUDDDUUUUDUUDUUDDDUUDDDDDDUUUUUUDDD
           10060000 UDUDDUUDDDDDDDUUUUDUUUUDUDUUDDDUDDDDDDDUDUDUUUDDUDUDDUUUDDDUUDUUUUUDDDUDUDUUDUUUDDUUUDUDUUUDUUUUDDDDUDDDDUDUDUUUUUDUDUUUDUUUUDDDDDDUDDDUUUUUDDUUDUDUDDUDUUDDDDDDDUUUDDUUUDUUDUUDDDDUDDDDUDDDUUDUDUUUDDUDUUDUUDDUUDDDDDDUDDDDUDUDDDUUDDDDUDDUDDDUDUDDUUDUUUUUUUUUDUDDUUUUUDDUUUUUDUUUDUUDUDDDUUDUUUUDUUDUUDUDUUUDUDDUDUDUDDDDDDDUUUUDDDDDDDUUDDUDDUDUUDUDUUDUDDUUUUUUDDDUUUUDUUDUUDDDUUDDDDDDUUUUUUDDD
           10080000 UDDDDUUDDDDDDDUUUUDUUUUDUDUUDDDUDDDDDDDUDUDUUUDDUDUDDUUUDDDUUDUUUUUDDDUDUDUUDUUUDDUUUDUDUUUDUUUUDDDDUDDDDUDUDUUUUUDUDUUUDUUUUDDDDDDUDDDUUUUUDDUUDUDUDDUDUUDDDDDDDUUUDDUUUDUUDUUDDDDUDDDDUDDDUUDUDUUUDDUDUUDUUDDUUDDDDDDUDDDDUDUDDDUUDDDDUDDUDDDUDUDDUUDUUUUUUUUUDUDDUUUUUDDUUUUUDUUUDUUDUDDDUUDUUUUDUUDUUDUDUUUDUDDUDUDUDDDDDDDUUUUDDDDDDDUUDDUDDUDUUDUDUUDUDDUUUUUUDDDUUUUDUUDUUDDDUUDDDDDDUUUUUUDDD
           10250000 UDDUDUUDDDDDDDUUUUDUUUUDUDUUDDDUDDDDDDDUDUDUUUDDUDUDDUUUDDDUUDUUUUUDDDUDUDUUDUUUDDUUUDUDUUUDUUUUDDDDUDDDDUDUDUUUUUDUDUUUDUUUUDDDDDDUDDDUUUUUDDUUDUDUDDUDUUDDDDDDDUUUDDUUUDUUDUUDDDDUDDDDUDDDUUDUDUUUDDUDUUDUUDDUUDDDDDDUDDDDUDUDDDUUDDDDUDDUDDDUDUDDUUDUUUUUUUUUDUDDUDUDUUDDUDDDUUUDDUUDDUDUUDDDUDDDDUUDUDUDDDDDUDDDDUUUDUUDUDDUDDUUDUUDUUUDDDUDUUDUUUDUDDUUUDUDDUDUDDDUUDDDUDDUUDUUDDDUDUDDDDUUUDDDD
           10270000 UDDDDUUDDDDDDDUUUUDUUUUDUDUUDDDUDDDDDDDUDUDUUUDDUDUDDUUUDDDUUDUUUUUDDDUDUDUUDUUUDDUUUDUDUUUDUUUUDDDDUDDDDUDUDUUUUUDUDUUUDUUUUDDDDDDUDDDUUUUUDDUUDUDUDDUDUUDDDDDDDUUUDDUUUDUUDUUDDDDUDDDDUDDDUUDUDUUUDDUDUUDUUDDUUDDDDDDUDDDDUDUDDDUUDDDDUDDUDDDUDUDDUUDUUUUUUUUUDUDDUDUDUUDDUDDDUUUDDUUDDUDUUDDDUDDDDUUDUDUDDDDDUDDDDUUUDUUDUDDUDDUUDUUDUUUDDDUDUUDUUUDUDDUUUDUDDUDUDDDUUDDDUDDUUDUUDDDUDUDDDDUUUDDDD
           10980000 UDUDDUUDDDDDDDUUUUDUUUUDUDUUDDDUDDDDDDDUDUDUUUDDUDUDDUUUDDDUUDUUUUUDDDUDUDUUDUUUDDUUUDUDUUUDUUUUDDDDUDDDDUDUDUUUUUDUDUUUDUUUUDDDDDDUDDDUUUUUDDUUDUDUDDUDUUDDDDDDDUUUDDUUUDUUDUUDDDDUDDDDUDDDUUDUDUUUDDUDUUDUUDDUUDDDDDDUDDDDUDUDDDUUDDDDUDDUDDDUDUDDUUDUUUUUUUUUDUDDUDUDUUDDUDDDUUUDDUUDDUDUUDDDUDDDDUUDUDUDDDDDUDDDDUUUDUUDUDDUDDUUDUUDUUUDDDUDUUDUUUDUDDUUUDUDDUDUDDDUUDDDUDDUUDUUDDDUDUDDDDUUUDDDD
           11000000 UDDDDUUDDDDDDDUUUUDUUUUDUDUUDDDUDDDDDDDUDUDUUUDDUDUDDUUUDDDUUDUUUUUDDDUDUDUUDUUUDDUUUDUDUUUDUUUUDDDDUDDDDUDUDUUUUUDUDUUUDUUUUDDDDDDUDDDUUUUUDDUUDUDUDDUDUUDDDDDDDUUUDDUUUDUUDUUDDDDUDDDDUDDDUUDUDUUUDDUDUUDUUDDUUDDDDDDUDDDDUDUDDDUUDDDDUDDUDDDUDUDDUUDUUUUUUUUUDUDDUDUDUUDDUDDDUUUDDUUDDUDUUDDDUDDDDUUDUDUDDDDDUDDDDUUUDUUDUDDUDDUUDUUDUUUDDDUDUUDUUUDUDDUUUDUDDUDUDDDUUDDDUDDUUDUUDDDUDUDDDDUUUDDDD
           11170000 UDDUDUUDDDDDDDUUUUDUUUUDUDUUDDDUDDDDDDDUDUDUUUDDUDUDDUUUDDDUUDUUUUUDDDUDUDUUDUUUDDUUUDUDUUUDUUUUDDDDUDDDDUDUDUUUUUDUDUUUDUUUUDDDDDDUDDDUUUUUDDUUDUDUDDUDUUDDDDDDDUUUDDUUUDUUDUUDDDDUDDDDUDDDUUDUDUUUDDUDUUDUUDDUUDDDDDDUDDDDUDUDDDUUDDDDUDDUDDDUDUDDUUDUUUUUUUUUDUDDUUDUUDUUDUUUDUUDUDDUDDDDUUDUUUDDUUDDUUUDDUDUDDUUDUUUUDUDDUUUUUDDUUUUUDDDUDUDUDDUUUUUDDUUUUDUUDDDUUDUUUUUDUDUDUUUUUUUDUUDUDDDUUUDU
           11190000 UDDDDUUDDDDDDDUUUUDUUUUDUDUUDDDUDDDDDDDUDUDUUUDDUDUDDUUUDDDUUDUUUUUDDDUDUDUUDUUUDDUUUDUDUUUDUUUUDDDDUDDDDUDUDUUUUUDUDUUUDUUUUDDDDDDUDDDUUUUUDDUUDUDUDDUDUUDDDDDDDUUUDDUUUDUUDUUDDDDUDDDDUDDDUUDUDUUUDDUDUUDUUDDUUDDDDDDUDDDDUDUDDDUUDDDDUDDUDDDUDUDDUUDUUUUUUUUUDUDDUUDUUDUUDUUUDUUDUDDUDDDDUUDUUUDDUUDDUUUDDUDUDDUUDUUUUDUDDUUUUUDDUUUUUDDDUDUDUDDUUUUUDDUUUUDUUDDDUUDUUUUUDUDUDUUUUUUUDUUDUDDDUUUDU
           11900000 UDUDDUUDDDDDDDUUUUDUUUUDUDUUDDDUDDDDDDDUDUDUUUDDUDUDDUUUDDDUUDUUUUUDDDUDUDUUDUUUDDUUUDUDUUUDUUUUDDDDUDDDDUDUDUUUUUDUDUUUDUUUUDDDDDDUDDDUUUUUDDUUDUDUDDUDUUDDDDDDDUUUDDUUUDUUDUUDDDDUDDDDUDDDUUDUDUUUDDUDUUDUUDDUUDDDDDDUDDDDUDUDDDUUDDDDUDDUDDDUDUDDUUDUUUUUUUUUDUDDUUDUUDUUDUUUDUUDUDDUDDDDUUDUUUDDUUDDUUUDDUDUDDUUDUUUUDUDDUUUUUDDUUUUUDDDUDUDUDDUUUUUDDUUUUDUUDDDUUDUUUUUDUDUDUUUUUUUDUUDUDDDUUUDU
           11920000 UDDDDUUDDDDDDDUUUUDUUUUDUDUUDDDUDDDDDDDUDUDUUUDDUDUDDUUUDDDUUDUUUUUDDDUDUDUUDUUUDDUUUDUDUUUDUUUUDDDDUDDDDUDUDUUUUUDUDUUUDUUUUDDDDDDUDDDUUUUUDDUUDUDUDDUDUUDDDDDDDUUUDDUUUDUUDUUDDDDUDDDDUDDDUUDUDUUUDDUDUUDUUDDUUDDDDDDUDDDDUDUDDDUUDDDDUDDUDDDUDUDDUUDUUUUUUUUUDUDDUUDUUDUUDUUUDUUDUDDUDDDDUUDUUUDDUUDDUUUDDUDUDDUUDUUUUDUDDUUUUUDDUUUUUDDDUDUDUDDUUUUUDDUUUUDUUDDDUUDUUUUUDUDUDUUUUUUUDUUDUDDDUUUDU
           12090000 UDDUDUUDDDDDDDUUUUDUUUUDUDUUDDDUDDDDDDDUDUDUUUDDUDUDDUUUDDDUUDUUUUUDDDUDUDUUDUUUDDUUUDUDUUUDUUUUDDDDUDDDDUDUDUUUUUDUDUUUDUUUUDDDDDDUDDDUUUUUDDUUDUDUDDUDUUDDDDDDDUUUDDUUUDUUDUUDDDDUDDDDUDDDUUDUDUUUDDUDUUDUUDDUUDDDDDDUDDDDUDUDDDUUDDDDUDDUDDDUDUDDUUDUUUUUUUUUDUDDUDDUDDDUUDDUUDDDDDUDDUDUUDUUUUDUDDDUUUDDUUUUUUDDUUUUUDDUUUUUUUUUUDDDDDUUDDUUUUUDUUDDDUUDUUDDDUUUUUDDUUUUDDDUDDUDDUUUDUUDDUUDDDUUU
           12110000 UDDDDUUDDDDDDDUUUUDUUUUDUDUUDDDUDDDDDDDUDUDUUUDDUDUDDUUUDDDUUDUUUUUDDDUDUDUUDUUUDDUUUDUDUUUDUUUUDDDDUDDDDUDUDUUUUUDUDUUUDUUUUDDDDDDUDDDUUUUUDDUUDUDUDDUDUUDDDDDDDUUUDDUUUDUUDUUDDDDUDDDDUDDDUUDUDUUUDDUDUUDUUDDUUDDDDDDUDDDDUDUDDDUUDDDDUDDUDDDUDUDDUUDUUUUUUUUUDUDDUDDUDDDUUDDUUDDDDDUDDUDUUDUUUUDUDDDUUUDDUUUUUUDDUUUUUDDUUUUUUUUUUDDDDDUUDDUUUUUDUUDDDUUDUUDDDUUUUUDDUUUUDDDUDDUDDUUUDUUDDUUDDDUUU
